// Jest Snapshot v1, https://goo.gl/fbAQLP

exports[`CharacterCard Should match the snapshot with data passed in 1`] = `
<article
  className="character-card"
>
  <header
    className="header-character"
  >
    <h2>
      C-3PO
    </h2>
    <button
      className="button-favorites"
      onClick={[Function]}
    >
      <img
        alt="heart icon for favorites"
        className="favorites-img"
        src="lover.png"
      />
    </button>
  </header>
  <section
    className="section-character"
  >
    <h2
      className="h2-character"
    >
      Droid
    </h2>
    <h2
      className="h2-character"
    >
      artificial
    </h2>
    <h2
      className="h2-character"
    >
      Tatooine
    </h2>
    <h2
      className="h2-character"
    >
      200000
    </h2>
    <h2
      className="h2-character"
      key="0"
    >
      The Empire Strikes Back
    </h2>
    <h2
      className="h2-character"
      key="1"
    >
      Attack of the Clones
    </h2>
  </section>
</article>
`;
