// Jest Snapshot v1, https://goo.gl/fbAQLP

exports[`Error Should match the snapshot with data passed in 1`] = `
<section
  className="section-error"
>
  <h3
    className="header-error"
  >
    Error!!
  </h3>
  <div
    className="p-error-container"
  >
    <p
      className="p-error"
    >
      *All fields must be filled out to login*
    </p>
    <p
      className="p-error"
    >
      *Please return to login*
    </p>
  </div>
  <img
    alt="Gif of small bird scared"
    className="gif-error"
    src="giphy.gif"
  />
  <Link
    className="link-error"
    to="/"
  >
    <button
      className="button-error"
    >
      Back To Login
    </button>
  </Link>
</section>
`;
