// Jest Snapshot v1, https://goo.gl/fbAQLP

exports[`Loading Should match the snapshot with data passed in 1`] = `
<main
  className="loading-container"
>
  <h1>
    Loading...
  </h1>
  <section
    className="loading-gif-container"
  >
    <img
      alt="Gif of space rider"
      className="loading-racer-gif"
      src="rider.gif"
    />
  </section>
</main>
`;
